K.Bhargava Pavani@LAPTOP-OCJCDNSR MINGW64 ~/OneDrive
$ cd Desktop

K.Bhargava Pavani@LAPTOP-OCJCDNSR MINGW64 ~/OneDrive/Desktop
$ cd project_dir

K.Bhargava Pavani@LAPTOP-OCJCDNSR MINGW64 ~/OneDrive/Desktop/project_dir (master)
$ git status
On branch master

No commits yet

Changes to be committed:
  (use "git rm --cached <file>..." to unstage)
        new file:   index.html


K.Bhargava Pavani@LAPTOP-OCJCDNSR MINGW64 ~/OneDrive/Desktop/project_dir (master)
$ git commit -m "comitting a file"
Author identity unknown

*** Please tell me who you are.

Run

  git config --global user.email "you@example.com"
  git config --global user.name "Your Name"

to set your account's default identity.
Omit --global to set the identity only in this repository.

fatal: unable to auto-detect email address (got 'K.Bhargava Pavani@LAPTOP-OCJCDNSR.(none)')

K.Bhargava Pavani@LAPTOP-OCJCDNSR MINGW64 ~/OneDrive/Desktop/project_dir (master)
$ git remote

K.Bhargava Pavani@LAPTOP-OCJCDNSR MINGW64 ~/OneDrive/Desktop/project_dir (master)
$ git config --global user.email "bhargavapavani@gmail.com"

K.Bhargava Pavani@LAPTOP-OCJCDNSR MINGW64 ~/OneDrive/Desktop/project_dir (master)
$ git config --global user.name "K-BhargavaPavani"

K.Bhargava Pavani@LAPTOP-OCJCDNSR MINGW64 ~/OneDrive/Desktop/project_dir (master)
$ git status
On branch master

No commits yet

Changes to be committed:
  (use "git rm --cached <file>..." to unstage)
        new file:   index.html


K.Bhargava Pavani@LAPTOP-OCJCDNSR MINGW64 ~/OneDrive/Desktop/project_dir (master)
$ git commit -m "commit the file"
[master (root-commit) 499d6f7] commit the file
 1 file changed, 1 insertion(+)
 create mode 100644 index.html

K.Bhargava Pavani@LAPTOP-OCJCDNSR MINGW64 ~/OneDrive/Desktop/project_dir (master)
$ git status
On branch master
Changes not staged for commit:
  (use "git add <file>..." to update what will be committed)
  (use "git restore <file>..." to discard changes in working directory)
        modified:   index.html

Untracked files:
  (use "git add <file>..." to include in what will be committed)
        info.txt

no changes added to commit (use "git add" and/or "git commit -a")

K.Bhargava Pavani@LAPTOP-OCJCDNSR MINGW64 ~/OneDrive/Desktop/project_dir (master)
$ touch.gitignore
bash: touch.gitignore: command not found

K.Bhargava Pavani@LAPTOP-OCJCDNSR MINGW64 ~/OneDrive/Desktop/project_dir (master)
$ touch .gitignore

K.Bhargava Pavani@LAPTOP-OCJCDNSR MINGW64 ~/OneDrive/Desktop/project_dir (master)
$ git status
On branch master
Changes not staged for commit:
  (use "git add <file>..." to update what will be committed)
  (use "git restore <file>..." to discard changes in working directory)
        modified:   index.html

Untracked files:
  (use "git add <file>..." to include in what will be committed)
        .gitignore

no changes added to commit (use "git add" and/or "git commit -a")

K.Bhargava Pavani@LAPTOP-OCJCDNSR MINGW64 ~/OneDrive/Desktop/project_dir (master)
$ git add index.html

K.Bhargava Pavani@LAPTOP-OCJCDNSR MINGW64 ~/OneDrive/Desktop/project_dir (master)
$ git status
On branch master
Changes to be committed:
  (use "git restore --staged <file>..." to unstage)
        modified:   index.html

Untracked files:
  (use "git add <file>..." to include in what will be committed)
        .gitignore


K.Bhargava Pavani@LAPTOP-OCJCDNSR MINGW64 ~/OneDrive/Desktop/project_dir (master)
$ git commit -m "comit index file"
[master 41c4d36] comit index file
 1 file changed, 1 insertion(+), 1 deletion(-)

K.Bhargava Pavani@LAPTOP-OCJCDNSR MINGW64 ~/OneDrive/Desktop/project_dir (master)
$ git log
commit 41c4d36939c0fd59108170e5cae3c6a7868121dc (HEAD -> master)
Author: K-BhargavaPavani <bhargavapavani@gmail.com>
Date:   Thu Jul 29 13:54:59 2021 +0530

    comit index file

commit 499d6f76bf22c246de87a265e3b40df13c0fdca5
Author: K-BhargavaPavani <bhargavapavani@gmail.com>
Date:   Thu Jul 29 13:45:55 2021 +0530

    commit the file

K.Bhargava Pavani@LAPTOP-OCJCDNSR MINGW64 ~/OneDrive/Desktop/project_dir (master)
$ git revert HEAD~1
error: Your local changes to the following files would be overwritten by merge:
        index.html
Please commit your changes or stash them before you merge.
Aborting
fatal: revert failed

K.Bhargava Pavani@LAPTOP-OCJCDNSR MINGW64 ~/OneDrive/Desktop/project_dir (master)
$ git revert HEAD
error: Your local changes to the following files would be overwritten by merge:
        index.html
Please commit your changes or stash them before you merge.
Aborting
fatal: revert failed

K.Bhargava Pavani@LAPTOP-OCJCDNSR MINGW64 ~/OneDrive/Desktop/project_dir (master)
$ git status
On branch master
Changes not staged for commit:
  (use "git add <file>..." to update what will be committed)
  (use "git restore <file>..." to discard changes in working directory)
        modified:   index.html

Untracked files:
  (use "git add <file>..." to include in what will be committed)
        .gitignore

no changes added to commit (use "git add" and/or "git commit -a")

K.Bhargava Pavani@LAPTOP-OCJCDNSR MINGW64 ~/OneDrive/Desktop/project_dir (master)
$ git add index.html

K.Bhargava Pavani@LAPTOP-OCJCDNSR MINGW64 ~/OneDrive/Desktop/project_dir (master)
$ git status
On branch master
Changes to be committed:
  (use "git restore --staged <file>..." to unstage)
        modified:   index.html

Untracked files:
  (use "git add <file>..." to include in what will be committed)
        .gitignore


K.Bhargava Pavani@LAPTOP-OCJCDNSR MINGW64 ~/OneDrive/Desktop/project_dir (master)
$ git commit -m "commit the file"
[master cc38b50] commit the file
 1 file changed, 1 insertion(+), 1 deletion(-)

K.Bhargava Pavani@LAPTOP-OCJCDNSR MINGW64 ~/OneDrive/Desktop/project_dir (master)
$ git revert HEAD
[master afcfc07] Revert "commit the file"
 1 file changed, 1 insertion(+), 1 deletion(-)

K.Bhargava Pavani@LAPTOP-OCJCDNSR MINGW64 ~/OneDrive/Desktop/project_dir (master)
$ git add index.html

K.Bhargava Pavani@LAPTOP-OCJCDNSR MINGW64 ~/OneDrive/Desktop/project_dir (master)
$ git status
On branch master
Changes to be committed:
  (use "git restore --staged <file>..." to unstage)
        modified:   index.html

Untracked files:
  (use "git add <file>..." to include in what will be committed)
        .gitignore


K.Bhargava Pavani@LAPTOP-OCJCDNSR MINGW64 ~/OneDrive/Desktop/project_dir (master)
$ git revert HEAD
error: your local changes would be overwritten by revert.
hint: commit your changes or stash them to proceed.
fatal: revert failed

K.Bhargava Pavani@LAPTOP-OCJCDNSR MINGW64 ~/OneDrive/Desktop/project_dir (master)
$ git commit -m "index file commit"
[master ff1a505] index file commit
 1 file changed, 1 insertion(+), 1 deletion(-)

K.Bhargava Pavani@LAPTOP-OCJCDNSR MINGW64 ~/OneDrive/Desktop/project_dir (master)
$ git revert HEAD
[master ae99eb4] Revert "index file commit"
 1 file changed, 1 insertion(+), 1 deletion(-)

K.Bhargava Pavani@LAPTOP-OCJCDNSR MINGW64 ~/OneDrive/Desktop/project_dir (master)
$ git config --global alias.myadd add

K.Bhargava Pavani@LAPTOP-OCJCDNSR MINGW64 ~/OneDrive/Desktop/project_dir (master)
$ git myadd index.html

K.Bhargava Pavani@LAPTOP-OCJCDNSR MINGW64 ~/OneDrive/Desktop/project_dir (master)
$ git status
On branch master
Untracked files:
  (use "git add <file>..." to include in what will be committed)
        .gitignore

nothing added to commit but untracked files present (use "git add" to track)

K.Bhargava Pavani@LAPTOP-OCJCDNSR MINGW64 ~/OneDrive/Desktop/project_dir (master)
$ git commit -m "myadd commit"
On branch master
Untracked files:
  (use "git add <file>..." to include in what will be committed)
        .gitignore

nothing added to commit but untracked files present (use "git add" to track)

K.Bhargava Pavani@LAPTOP-OCJCDNSR MINGW64 ~/OneDrive/Desktop/project_dir (master)
$ git status
On branch master
Untracked files:
  (use "git add <file>..." to include in what will be committed)
        .gitignore

nothing added to commit but untracked files present (use "git add" to track)

K.Bhargava Pavani@LAPTOP-OCJCDNSR MINGW64 ~/OneDrive/Desktop/project_dir (master)
$ git status
On branch master
Untracked files:
  (use "git add <file>..." to include in what will be committed)
        info.txt

nothing added to commit but untracked files present (use "git add" to track)

K.Bhargava Pavani@LAPTOP-OCJCDNSR MINGW64 ~/OneDrive/Desktop/project_dir (master)
$ git status
On branch master
Untracked files:
  (use "git add <file>..." to include in what will be committed)
        .gitignore

nothing added to commit but untracked files present (use "git add" to track)

K.Bhargava Pavani@LAPTOP-OCJCDNSR MINGW64 ~/OneDrive/Desktop/project_dir (master)
$ git add .gitignore

K.Bhargava Pavani@LAPTOP-OCJCDNSR MINGW64 ~/OneDrive/Desktop/project_dir (master)
$ git status
On branch master
Changes to be committed:
  (use "git restore --staged <file>..." to unstage)
        new file:   .gitignore


K.Bhargava Pavani@LAPTOP-OCJCDNSR MINGW64 ~/OneDrive/Desktop/project_dir (master)
$ git commit -m "commit file"
[master 6a7b097] commit file
 1 file changed, 1 insertion(+)
 create mode 100644 .gitignore

K.Bhargava Pavani@LAPTOP-OCJCDNSR MINGW64 ~/OneDrive/Desktop/project_dir (master)
$ git status
On branch master
nothing to commit, working tree clean

K.Bhargava Pavani@LAPTOP-OCJCDNSR MINGW64 ~/OneDrive/Desktop/project_dir (master)
$ git myadd index.html

K.Bhargava Pavani@LAPTOP-OCJCDNSR MINGW64 ~/OneDrive/Desktop/project_dir (master)
$ git status
On branch master
nothing to commit, working tree clean

K.Bhargava Pavani@LAPTOP-OCJCDNSR MINGW64 ~/OneDrive/Desktop/project_dir (master)
$ git commit -m "commit the index file"
On branch master
nothing to commit, working tree clean

K.Bhargava Pavani@LAPTOP-OCJCDNSR MINGW64 ~/OneDrive/Desktop/project_dir (master)
$ git revert HEAD
Removing .gitignore
[master 31b9f9d] Revert "commit file"
 1 file changed, 1 deletion(-)
 delete mode 100644 .gitignore

K.Bhargava Pavani@LAPTOP-OCJCDNSR MINGW64 ~/OneDrive/Desktop/project_dir (master)
$
